[   11221ms] [ERROR] Failed to load resource: the server responded with a status of 500 (Internal Server Error) @ http://localhost:3000/products/herbal-shampoo:0
[   11834ms] [INFO] %cDownload the React DevTools for a better development experience: https://reactjs.org/link/react-devtools font-weight:bold @ webpack-internal:///(app-pages-browser)/./node_modules/next/dist/compiled/react-dom/cjs/react-dom.development.js:38559
[   12016ms] Error: Event handlers cannot be passed to Client Component props.
  <div className=... style={{...}} onMouseEnter={function onMouseEnter} onMouseLeave=... children=...>
                                                ^^^^^^^^^^^^^^^^^^^^^^^
If you need interactivity, consider converting part of this to a Client Component.
    at eL (C:\Users\s\Documents\mstore\node_modules\next\dist\compiled\next-server\app-page.runtime.dev.js:35:273497)
    at C:\Users\s\Documents\mstore\node_modules\next\dist\compiled\next-server\app-page.runtime.dev.js:35:267040
    at Object.toJSON (C:\Users\s\Documents\mstore\node_modules\next\dist\compiled\next-server\app-page.runtime.dev.js:35:267504)
    at stringify (<anonymous>)
    at eJ (C:\Users\s\Documents\mstore\node_modules\next\dist\compiled\next-server\app-page.runtime.dev.js:35:275872)
    at eV (C:\Users\s\Documents\mstore\node_modules\next\dist\compiled\next-server\app-page.runtime.dev.js:35:276390)
    at Timeout._onTimeout (C:\Users\s\Documents\mstore\node_modules\next\dist\compiled\next-server\app-page.runtime.dev.js:35:266177)
    at listOnTimeout (node:internal/timers:605:17)
    at process.processTimers (node:internal/timers:541:7)
[   12026ms] Error: Event handlers cannot be passed to Client Component props.
  <div className=... style={{...}} onMouseEnter={function onMouseEnter} onMouseLeave=... children=...>
                                                ^^^^^^^^^^^^^^^^^^^^^^^
If you need interactivity, consider converting part of this to a Client Component.
    at eL (C:\Users\s\Documents\mstore\node_modules\next\dist\compiled\next-server\app-page.runtime.dev.js:35:273497)
    at C:\Users\s\Documents\mstore\node_modules\next\dist\compiled\next-server\app-page.runtime.dev.js:35:267040
    at Object.toJSON (C:\Users\s\Documents\mstore\node_modules\next\dist\compiled\next-server\app-page.runtime.dev.js:35:267504)
    at stringify (<anonymous>)
    at eJ (C:\Users\s\Documents\mstore\node_modules\next\dist\compiled\next-server\app-page.runtime.dev.js:35:275872)
    at eV (C:\Users\s\Documents\mstore\node_modules\next\dist\compiled\next-server\app-page.runtime.dev.js:35:276390)
    at Timeout._onTimeout (C:\Users\s\Documents\mstore\node_modules\next\dist\compiled\next-server\app-page.runtime.dev.js:35:266177)
    at listOnTimeout (node:internal/timers:605:17)
    at process.processTimers (node:internal/timers:541:7)
[   12027ms] Error: Event handlers cannot be passed to Client Component props.
  <div className=... style={{...}} onMouseEnter={function onMouseEnter} onMouseLeave=... children=...>
                                                ^^^^^^^^^^^^^^^^^^^^^^^
If you need interactivity, consider converting part of this to a Client Component.
    at eL (C:\Users\s\Documents\mstore\node_modules\next\dist\compiled\next-server\app-page.runtime.dev.js:35:273497)
    at C:\Users\s\Documents\mstore\node_modules\next\dist\compiled\next-server\app-page.runtime.dev.js:35:267040
    at Object.toJSON (C:\Users\s\Documents\mstore\node_modules\next\dist\compiled\next-server\app-page.runtime.dev.js:35:267504)
    at stringify (<anonymous>)
    at eJ (C:\Users\s\Documents\mstore\node_modules\next\dist\compiled\next-server\app-page.runtime.dev.js:35:275872)
    at eV (C:\Users\s\Documents\mstore\node_modules\next\dist\compiled\next-server\app-page.runtime.dev.js:35:276390)
    at Timeout._onTimeout (C:\Users\s\Documents\mstore\node_modules\next\dist\compiled\next-server\app-page.runtime.dev.js:35:266177)
    at listOnTimeout (node:internal/timers:605:17)
    at process.processTimers (node:internal/timers:541:7)
[   12028ms] Error: Event handlers cannot be passed to Client Component props.
  <div className=... style={{...}} onMouseEnter={function onMouseEnter} onMouseLeave=... children=...>
                                                ^^^^^^^^^^^^^^^^^^^^^^^
If you need interactivity, consider converting part of this to a Client Component.
    at eL (C:\Users\s\Documents\mstore\node_modules\next\dist\compiled\next-server\app-page.runtime.dev.js:35:273497)
    at C:\Users\s\Documents\mstore\node_modules\next\dist\compiled\next-server\app-page.runtime.dev.js:35:267040
    at Object.toJSON (C:\Users\s\Documents\mstore\node_modules\next\dist\compiled\next-server\app-page.runtime.dev.js:35:267504)
    at stringify (<anonymous>)
    at eJ (C:\Users\s\Documents\mstore\node_modules\next\dist\compiled\next-server\app-page.runtime.dev.js:35:275872)
    at eV (C:\Users\s\Documents\mstore\node_modules\next\dist\compiled\next-server\app-page.runtime.dev.js:35:276390)
    at Timeout._onTimeout (C:\Users\s\Documents\mstore\node_modules\next\dist\compiled\next-server\app-page.runtime.dev.js:35:266177)
    at listOnTimeout (node:internal/timers:605:17)
    at process.processTimers (node:internal/timers:541:7)
[   12029ms] Error: Event handlers cannot be passed to Client Component props.
  <div className=... style={{...}} onMouseEnter={function onMouseEnter} onMouseLeave=... children=...>
                                                ^^^^^^^^^^^^^^^^^^^^^^^
If you need interactivity, consider converting part of this to a Client Component.
    at eL (C:\Users\s\Documents\mstore\node_modules\next\dist\compiled\next-server\app-page.runtime.dev.js:35:273497)
    at C:\Users\s\Documents\mstore\node_modules\next\dist\compiled\next-server\app-page.runtime.dev.js:35:267040
    at Object.toJSON (C:\Users\s\Documents\mstore\node_modules\next\dist\compiled\next-server\app-page.runtime.dev.js:35:267504)
    at stringify (<anonymous>)
    at eJ (C:\Users\s\Documents\mstore\node_modules\next\dist\compiled\next-server\app-page.runtime.dev.js:35:275872)
    at eV (C:\Users\s\Documents\mstore\node_modules\next\dist\compiled\next-server\app-page.runtime.dev.js:35:276390)
    at Timeout._onTimeout (C:\Users\s\Documents\mstore\node_modules\next\dist\compiled\next-server\app-page.runtime.dev.js:35:266177)
    at listOnTimeout (node:internal/timers:605:17)
    at process.processTimers (node:internal/timers:541:7)
[   12029ms] Error: Event handlers cannot be passed to Client Component props.
  <div className=... style={{...}} onMouseEnter={function onMouseEnter} onMouseLeave=... children=...>
                                                ^^^^^^^^^^^^^^^^^^^^^^^
If you need interactivity, consider converting part of this to a Client Component.
    at eL (C:\Users\s\Documents\mstore\node_modules\next\dist\compiled\next-server\app-page.runtime.dev.js:35:273497)
    at C:\Users\s\Documents\mstore\node_modules\next\dist\compiled\next-server\app-page.runtime.dev.js:35:267040
    at Object.toJSON (C:\Users\s\Documents\mstore\node_modules\next\dist\compiled\next-server\app-page.runtime.dev.js:35:267504)
    at stringify (<anonymous>)
    at eJ (C:\Users\s\Documents\mstore\node_modules\next\dist\compiled\next-server\app-page.runtime.dev.js:35:275872)
    at eV (C:\Users\s\Documents\mstore\node_modules\next\dist\compiled\next-server\app-page.runtime.dev.js:35:276390)
    at Timeout._onTimeout (C:\Users\s\Documents\mstore\node_modules\next\dist\compiled\next-server\app-page.runtime.dev.js:35:266177)
    at listOnTimeout (node:internal/timers:605:17)
    at process.processTimers (node:internal/timers:541:7)
[   12030ms] Error: Event handlers cannot be passed to Client Component props.
  <div className=... style={{...}} onMouseEnter={function onMouseEnter} onMouseLeave=... children=...>
                                                ^^^^^^^^^^^^^^^^^^^^^^^
If you need interactivity, consider converting part of this to a Client Component.
    at eL (C:\Users\s\Documents\mstore\node_modules\next\dist\compiled\next-server\app-page.runtime.dev.js:35:273497)
    at C:\Users\s\Documents\mstore\node_modules\next\dist\compiled\next-server\app-page.runtime.dev.js:35:267040
    at Object.toJSON (C:\Users\s\Documents\mstore\node_modules\next\dist\compiled\next-server\app-page.runtime.dev.js:35:267504)
    at stringify (<anonymous>)
    at eJ (C:\Users\s\Documents\mstore\node_modules\next\dist\compiled\next-server\app-page.runtime.dev.js:35:275872)
    at eV (C:\Users\s\Documents\mstore\node_modules\next\dist\compiled\next-server\app-page.runtime.dev.js:35:276390)
    at Timeout._onTimeout (C:\Users\s\Documents\mstore\node_modules\next\dist\compiled\next-server\app-page.runtime.dev.js:35:266177)
    at listOnTimeout (node:internal/timers:605:17)
    at process.processTimers (node:internal/timers:541:7)
[   12040ms] Error: Event handlers cannot be passed to Client Component props.
  <div className=... style={{...}} onMouseEnter={function onMouseEnter} onMouseLeave=... children=...>
                                                ^^^^^^^^^^^^^^^^^^^^^^^
If you need interactivity, consider converting part of this to a Client Component.
    at eL (C:\Users\s\Documents\mstore\node_modules\next\dist\compiled\next-server\app-page.runtime.dev.js:35:273497)
    at C:\Users\s\Documents\mstore\node_modules\next\dist\compiled\next-server\app-page.runtime.dev.js:35:267040
    at Object.toJSON (C:\Users\s\Documents\mstore\node_modules\next\dist\compiled\next-server\app-page.runtime.dev.js:35:267504)
    at stringify (<anonymous>)
    at eJ (C:\Users\s\Documents\mstore\node_modules\next\dist\compiled\next-server\app-page.runtime.dev.js:35:275872)
    at eV (C:\Users\s\Documents\mstore\node_modules\next\dist\compiled\next-server\app-page.runtime.dev.js:35:276390)
    at Timeout._onTimeout (C:\Users\s\Documents\mstore\node_modules\next\dist\compiled\next-server\app-page.runtime.dev.js:35:266177)
    at listOnTimeout (node:internal/timers:605:17)
    at process.processTimers (node:internal/timers:541:7)
[   12041ms] Error: Event handlers cannot be passed to Client Component props.
  <div className=... style={{...}} onMouseEnter={function onMouseEnter} onMouseLeave=... children=...>
                                                ^^^^^^^^^^^^^^^^^^^^^^^
If you need interactivity, consider converting part of this to a Client Component.
    at eL (C:\Users\s\Documents\mstore\node_modules\next\dist\compiled\next-server\app-page.runtime.dev.js:35:273497)
    at C:\Users\s\Documents\mstore\node_modules\next\dist\compiled\next-server\app-page.runtime.dev.js:35:267040
    at Object.toJSON (C:\Users\s\Documents\mstore\node_modules\next\dist\compiled\next-server\app-page.runtime.dev.js:35:267504)
    at stringify (<anonymous>)
    at eJ (C:\Users\s\Documents\mstore\node_modules\next\dist\compiled\next-server\app-page.runtime.dev.js:35:275872)
    at eV (C:\Users\s\Documents\mstore\node_modules\next\dist\compiled\next-server\app-page.runtime.dev.js:35:276390)
    at Timeout._onTimeout (C:\Users\s\Documents\mstore\node_modules\next\dist\compiled\next-server\app-page.runtime.dev.js:35:266177)
    at listOnTimeout (node:internal/timers:605:17)
    at process.processTimers (node:internal/timers:541:7)
[   12042ms] Error: Event handlers cannot be passed to Client Component props.
  <div className=... style={{...}} onMouseEnter={function onMouseEnter} onMouseLeave=... children=...>
                                                ^^^^^^^^^^^^^^^^^^^^^^^
If you need interactivity, consider converting part of this to a Client Component.
    at eL (C:\Users\s\Documents\mstore\node_modules\next\dist\compiled\next-server\app-page.runtime.dev.js:35:273497)
    at C:\Users\s\Documents\mstore\node_modules\next\dist\compiled\next-server\app-page.runtime.dev.js:35:267040
    at Object.toJSON (C:\Users\s\Documents\mstore\node_modules\next\dist\compiled\next-server\app-page.runtime.dev.js:35:267504)
    at stringify (<anonymous>)
    at eJ (C:\Users\s\Documents\mstore\node_modules\next\dist\compiled\next-server\app-page.runtime.dev.js:35:275872)
    at eV (C:\Users\s\Documents\mstore\node_modules\next\dist\compiled\next-server\app-page.runtime.dev.js:35:276390)
    at Timeout._onTimeout (C:\Users\s\Documents\mstore\node_modules\next\dist\compiled\next-server\app-page.runtime.dev.js:35:266177)
    at listOnTimeout (node:internal/timers:605:17)
    at process.processTimers (node:internal/timers:541:7)
[   12047ms] Error: Event handlers cannot be passed to Client Component props.
  <div className=... style={{...}} onMouseEnter={function onMouseEnter} onMouseLeave=... children=...>
                                                ^^^^^^^^^^^^^^^^^^^^^^^
If you need interactivity, consider converting part of this to a Client Component.
    at eL (C:\Users\s\Documents\mstore\node_modules\next\dist\compiled\next-server\app-page.runtime.dev.js:35:273497)
    at C:\Users\s\Documents\mstore\node_modules\next\dist\compiled\next-server\app-page.runtime.dev.js:35:267040
    at Object.toJSON (C:\Users\s\Documents\mstore\node_modules\next\dist\compiled\next-server\app-page.runtime.dev.js:35:267504)
    at stringify (<anonymous>)
    at eJ (C:\Users\s\Documents\mstore\node_modules\next\dist\compiled\next-server\app-page.runtime.dev.js:35:275872)
    at eV (C:\Users\s\Documents\mstore\node_modules\next\dist\compiled\next-server\app-page.runtime.dev.js:35:276390)
    at Timeout._onTimeout (C:\Users\s\Documents\mstore\node_modules\next\dist\compiled\next-server\app-page.runtime.dev.js:35:266177)
    at listOnTimeout (node:internal/timers:605:17)
    at process.processTimers (node:internal/timers:541:7)
[   12047ms] Error: Event handlers cannot be passed to Client Component props.
  <div className=... style={{...}} onMouseEnter={function onMouseEnter} onMouseLeave=... children=...>
                                                ^^^^^^^^^^^^^^^^^^^^^^^
If you need interactivity, consider converting part of this to a Client Component.
    at eL (C:\Users\s\Documents\mstore\node_modules\next\dist\compiled\next-server\app-page.runtime.dev.js:35:273497)
    at C:\Users\s\Documents\mstore\node_modules\next\dist\compiled\next-server\app-page.runtime.dev.js:35:267040
    at Object.toJSON (C:\Users\s\Documents\mstore\node_modules\next\dist\compiled\next-server\app-page.runtime.dev.js:35:267504)
    at stringify (<anonymous>)
    at eJ (C:\Users\s\Documents\mstore\node_modules\next\dist\compiled\next-server\app-page.runtime.dev.js:35:275872)
    at eV (C:\Users\s\Documents\mstore\node_modules\next\dist\compiled\next-server\app-page.runtime.dev.js:35:276390)
    at Timeout._onTimeout (C:\Users\s\Documents\mstore\node_modules\next\dist\compiled\next-server\app-page.runtime.dev.js:35:266177)
    at listOnTimeout (node:internal/timers:605:17)
    at process.processTimers (node:internal/timers:541:7)
[   12047ms] Error: Event handlers cannot be passed to Client Component props.
  <div className=... style={{...}} onMouseEnter={function onMouseEnter} onMouseLeave=... children=...>
                                                ^^^^^^^^^^^^^^^^^^^^^^^
If you need interactivity, consider converting part of this to a Client Component.
    at eL (C:\Users\s\Documents\mstore\node_modules\next\dist\compiled\next-server\app-page.runtime.dev.js:35:273497)
    at C:\Users\s\Documents\mstore\node_modules\next\dist\compiled\next-server\app-page.runtime.dev.js:35:267040
    at Object.toJSON (C:\Users\s\Documents\mstore\node_modules\next\dist\compiled\next-server\app-page.runtime.dev.js:35:267504)
    at stringify (<anonymous>)
    at eJ (C:\Users\s\Documents\mstore\node_modules\next\dist\compiled\next-server\app-page.runtime.dev.js:35:275872)
    at eV (C:\Users\s\Documents\mstore\node_modules\next\dist\compiled\next-server\app-page.runtime.dev.js:35:276390)
    at Timeout._onTimeout (C:\Users\s\Documents\mstore\node_modules\next\dist\compiled\next-server\app-page.runtime.dev.js:35:266177)
    at listOnTimeout (node:internal/timers:605:17)
    at process.processTimers (node:internal/timers:541:7)
[   12048ms] Error: Event handlers cannot be passed to Client Component props.
  <div className=... style={{...}} onMouseEnter={function onMouseEnter} onMouseLeave=... children=...>
                                                ^^^^^^^^^^^^^^^^^^^^^^^
If you need interactivity, consider converting part of this to a Client Component.
    at eL (C:\Users\s\Documents\mstore\node_modules\next\dist\compiled\next-server\app-page.runtime.dev.js:35:273497)
    at C:\Users\s\Documents\mstore\node_modules\next\dist\compiled\next-server\app-page.runtime.dev.js:35:267040
    at Object.toJSON (C:\Users\s\Documents\mstore\node_modules\next\dist\compiled\next-server\app-page.runtime.dev.js:35:267504)
    at stringify (<anonymous>)
    at eJ (C:\Users\s\Documents\mstore\node_modules\next\dist\compiled\next-server\app-page.runtime.dev.js:35:275872)
    at eV (C:\Users\s\Documents\mstore\node_modules\next\dist\compiled\next-server\app-page.runtime.dev.js:35:276390)
    at Timeout._onTimeout (C:\Users\s\Documents\mstore\node_modules\next\dist\compiled\next-server\app-page.runtime.dev.js:35:266177)
    at listOnTimeout (node:internal/timers:605:17)
    at process.processTimers (node:internal/timers:541:7)
[   12056ms] [ERROR] The above error occurred in the <NotFoundErrorBoundary> component:

    at InnerLayoutRouter (webpack-internal:///(app-pages-browser)/./node_modules/next/dist/client/components/layout-router.js:243:11)
    at RedirectErrorBoundary (webpack-internal:///(app-pages-browser)/./node_modules/next/dist/client/components/redirect-boundary.js:74:9)
    at RedirectBoundary (webpack-internal:///(app-pages-browser)/./node_modules/next/dist/client/components/redirect-boundary.js:82:11)
    at NotFoundBoundary (webpack-internal:///(app-pages-browser)/./node_modules/next/dist/client/components/not-found-boundary.js:84:11)
    at LoadingBoundary (webpack-internal:///(app-pages-browser)/./node_modules/next/dist/client/components/layout-router.js:349:11)
    at ErrorBoundary (webpack-internal:///(app-pages-browser)/./node_modules/next/dist/client/components/error-boundary.js:160:11)
    at InnerScrollAndFocusHandler (webpack-internal:///(app-pages-browser)/./node_modules/next/dist/client/components/layout-router.js:153:9)
    at ScrollAndFocusHandler (webpack-internal:///(app-pages-browser)/./node_modules/next/dist/client/components/layout-router.js:228:11)
    at RenderFromTemplateContext (webpack-internal:///(app-pages-browser)/./node_modules/next/dist/client/components/render-from-template-context.js:16:44)
    at OuterLayoutRouter (webpack-internal:///(app-pages-browser)/./node_modules/next/dist/client/components/layout-router.js:370:11)
    at InnerLayoutRouter (webpack-internal:///(app-pages-browser)/./node_modules/next/dist/client/components/layout-router.js:243:11)
    at RedirectErrorBoundary (webpack-internal:///(app-pages-browser)/./node_modules/next/dist/client/components/redirect-boundary.js:74:9)
    at RedirectBoundary (webpack-internal:///(app-pages-browser)/./node_modules/next/dist/client/components/redirect-boundary.js:82:11)
    at NotFoundBoundary (webpack-internal:///(app-pages-browser)/./node_modules/next/dist/client/components/not-found-boundary.js:84:11)
    at LoadingBoundary (webpack-internal:///(app-pages-browser)/./node_modules/next/dist/client/components/layout-router.js:349:11)
    at ErrorBoundary (webpack-internal:///(app-pages-browser)/./node_modules/next/dist/client/components/error-boundary.js:160:11)
    at InnerScrollAndFocusHandler (webpack-internal:///(app-pages-browser)/./node_modules/next/dist/client/components/layout-router.js:153:9)
    at ScrollAndFocusHandler (webpack-internal:///(app-pages-browser)/./node_modules/next/dist/client/components/layout-router.js:228:11)
    at RenderFromTemplateContext (webpack-internal:///(app-pages-browser)/./node_modules/next/dist/client/components/render-from-template-context.js:16:44)
    at OuterLayoutRouter (webpack-internal:///(app-pages-browser)/./node_modules/next/dist/client/components/layout-router.js:370:11)
    at InnerLayoutRouter (webpack-internal:///(app-pages-browser)/./node_modules/next/dist/client/components/layout-router.js:243:11)
    at RedirectErrorBoundary (webpack-internal:///(app-pages-browser)/./node_modules/next/dist/client/components/redirect-boundary.js:74:9)
    at RedirectBoundary (webpack-internal:///(app-pages-browser)/./node_modules/next/dist/client/components/redirect-boundary.js:82:11)
    at NotFoundErrorBoundary (webpack-internal:///(app-pages-browser)/./node_modules/next/dist/client/components/not-found-boundary.js:76:9)
    at NotFoundBoundary (webpack-internal:///(app-pages-browser)/./node_modules/next/dist/client/components/not-found-boundary.js:84:11)
    at LoadingBoundary (webpack-internal:///(app-pages-browser)/./node_modules/next/dist/client/components/layout-router.js:349:11)
    at ErrorBoundary (webpack-internal:///(app-pages-browser)/./node_modules/next/dist/client/components/error-boundary.js:160:11)
    at InnerScrollAndFocusHandler (webpack-internal:///(app-pages-browser)/./node_modules/next/dist/client/components/layout-router.js:153:9)
    at ScrollAndFocusHandler (webpack-internal:///(app-pages-browser)/./node_modules/next/dist/client/components/layout-router.js:228:11)
    at RenderFromTemplateContext (webpack-internal:///(app-pages-browser)/./node_modules/next/dist/client/components/render-from-template-context.js:16:44)
    at OuterLayoutRouter (webpack-internal:///(app-pages-browser)/./node_modules/next/dist/client/components/layout-router.js:370:11)
    at main
    at AuthAwareLayout (webpack-internal:///(app-pages-browser)/./app/components/auth-aware-layout.tsx:15:11)
    at body
    at html
    at RootLayout (Server)
    at RedirectErrorBoundary (webpack-internal:///(app-pages-browser)/./node_modules/next/dist/client/components/redirect-boundary.js:74:9)
    at RedirectBoundary (webpack-internal:///(app-pages-browser)/./node_modules/next/dist/client/components/redirect-boundary.js:82:11)
    at NotFoundErrorBoundary (webpack-internal:///(app-pages-browser)/./node_modules/next/dist/client/components/not-found-boundary.js:76:9)
    at NotFoundBoundary (webpack-internal:///(app-pages-browser)/./node_modules/next/dist/client/components/not-found-boundary.js:84:11)
    at DevRootNotFoundBoundary (webpack-internal:///(app-pages-browser)/./node_modules/next/dist/client/components/dev-root-not-found-boundary.js:33:11)
    at ReactDevOverlay (webpack-internal:///(app-pages-browser)/./node_modules/next/dist/client/components/react-dev-overlay/app/ReactDevOverlay.js:87:9)
    at HotReload (webpack-internal:///(app-pages-browser)/./node_modules/next/dist/client/components/react-dev-overlay/app/hot-reloader-client.js:321:11)
    at Router (webpack-internal:///(app-pages-browser)/./node_modules/next/dist/client/components/app-router.js:207:11)
    at ErrorBoundaryHandler (webpack-internal:///(app-pages-browser)/./node_modules/next/dist/client/components/error-boundary.js:113:9)
    at ErrorBoundary (webpack-internal:///(app-pages-browser)/./node_modules/next/dist/client/components/error-boundary.js:160:11)
    at AppRouter (webpack-internal:///(app-pages-browser)/./node_modules/next/dist/client/components/app-router.js:585:13)
    at ServerRoot (webpack-internal:///(app-pages-browser)/./node_modules/next/dist/client/app-index.js:112:27)
    at Root (webpack-internal:///(app-pages-browser)/./node_modules/next/dist/client/app-index.js:117:11)
    at ReactDevOverlay (webpack-internal:///(app-pages-browser)/./node_modules/next/dist/client/components/react-dev-overlay/app/ReactDevOverlay.js:87:9)

React will try to recreate this component tree from scratch using the error boundary you provided, ReactDevOverlay. @ webpack-internal:///(app-pages-browser)/./node_modules/next/dist/client/app-index.js:32
[   12136ms] [ERROR] Failed to load resource: the server responded with a status of 404 (Not Found) @ http://localhost:3000/favicon.ico:0
[   19338ms] [WARNING] The resource http://localhost:3000/_next/static/css/app/layout.css?v=1787139960134 was preloaded using link preload but not used within a few seconds from the window's load event. Please make sure it has an appropriate `as` value and it is preloaded intentionally. @ http://localhost:3000/products/herbal-shampoo:0
