[    3723ms] [LOG] %c
▲

 _____ _              _                    _   _             __
|_   _| |__   ___    / \   __ _  ___ _ __ | |_(_) ___       / /
  | | | '_ \ / _ \  / _ \ / _` |/ _ \ '_ \| __| |/ __|     / /
  | | | | | |  __/ / ___ \ (_| |  __/ | | | |_| | (__     /_/
  |_| |_| |_|\___|/_/   \_\__, |\___|_| |_|\__|_|\___|    (_)
                           |___/
 ___        __               _                   _                 _
|_ _|_ __  / _|_ __ __ _ ___| |_ _ __ _   _  ___| |_ _   _ _ __ ___
 | || '_ \| |_| '__/ _` / __| __| '__| | | |/ __| __| | | | '__/ _ \
 | || | | |  _| | | (_| \__ \ |_| |  | |_| | (__| |_| |_| | | |  __/
|___|_| |_|_| |_|  \__,_|___/\__|_|   \__,_|\___|\__|\__,_|_|  \___|
  

Hello!

- Open Source https://vercel.com/oss
- Careers https://vercel.com/careers
- Status https://vercel-status.com

 font-family: "Geist Mono", monospace; white-space: pre; line-height: 1; @ https://vercel.com/_next/static/immutable/chunks/3k9w7vy-kh02h.js:78
[    6380ms] [WARNING] iso_swr: SSR fetch failed for "/v1/dashboard/projects/muskan-store?teamId=hubaibullah193-debugs-projects" {error: iso_swr_fetch_error, message: The request is missing an authentication token} @ https://vercel.com/hubaibullah193-debugs-projects/muskan-store:71
[    6382ms] [WARNING] iso_swr: SSR fetch failed for "/api/v2/teams/hubaibullah193-debugs-projects" {error: iso_swr_fetch_error, message: The request is missing an authentication token} @ https://vercel.com/hubaibullah193-debugs-projects/muskan-store:102
[    6382ms] [WARNING] iso_swr: SSR fetch failed for "/api/v9/projects/muskan-store?activeBranches=1&latestDeployments=1&rollbackInfo=true&teamId=hubaibullah193-debugs-projects" {error: iso_swr_fetch_error, message: The request is missing an authentication token} @ https://vercel.com/hubaibullah193-debugs-projects/muskan-store:102
[    6386ms] [WARNING] iso_swr: SSR fetch failed for "/dashboard/projects/muskan-store/production-checklist?teamId=hubaibullah193-debugs-projects" {error: iso_swr_fetch_error, message: The request is missing an authentication token} @ https://vercel.com/hubaibullah193-debugs-projects/muskan-store:164
[    6387ms] [WARNING] iso_swr: SSR fetch failed for "/api/v7/deployments?limit=10&projectId=muskan-store&rollbackCandidate=true&teamId=hubaibullah193-debugs-projects" {error: iso_swr_fetch_error, message: The request is missing an authentication token} @ https://vercel.com/hubaibullah193-debugs-projects/muskan-store:195
[   10243ms] [WARNING] iso_swr[warn] [client] fallback error for key: "/api/v2/teams/hubaibullah193-debugs-projects" {error: iso_swr_fetch_error, message: The request is missing an authentication token} @ https://vercel.com/_next/static/immutable/chunks/3ovwfs_j3vl1z.js:1
[   10289ms] [WARNING] iso_swr[warn] [client] fallback error for key: "/v1/dashboard/projects/muskan-store?teamId=hubaibullah193-debugs-projects" {error: iso_swr_fetch_error, message: The request is missing an authentication token} @ https://vercel.com/_next/static/immutable/chunks/3ovwfs_j3vl1z.js:1
[   10438ms] [WARNING] iso_swr[warn] [client] fallback error for key: "/api/v9/projects/muskan-store?activeBranches=1&latestDeployments=1&rollbackInfo=true&teamId=hubaibullah193-debugs-projects" {error: iso_swr_fetch_error, message: The request is missing an authentication token} @ https://vercel.com/_next/static/immutable/chunks/3ovwfs_j3vl1z.js:1
[   10856ms] [LOG] %c
▲

 _____ _              _                    _   _             __
|_   _| |__   ___    / \   __ _  ___ _ __ | |_(_) ___       / /
  | | | '_ \ / _ \  / _ \ / _` |/ _ \ '_ \| __| |/ __|     / /
  | | | | | |  __/ / ___ \ (_| |  __/ | | | |_| | (__     /_/
  |_| |_| |_|\___|/_/   \_\__, |\___|_| |_|\__|_|\___|    (_)
                           |___/
 ___        __               _                   _                 _
|_ _|_ __  / _|_ __ __ _ ___| |_ _ __ _   _  ___| |_ _   _ _ __ ___
 | || '_ \| |_| '__/ _` / __| __| '__| | | |/ __| __| | | | '__/ _ \
 | || | | |  _| | | (_| \__ \ |_| |  | |_| | (__| |_| |_| | | |  __/
|___|_| |_|_| |_|  \__,_|___/\__|_|   \__,_|\___|\__|\__,_|_|  \___|
  

Hello!

- Open Source https://vercel.com/oss
- Careers https://vercel.com/careers
- Status https://vercel-status.com

 font-family: "Geist Mono", monospace; white-space: pre; line-height: 1; @ https://vercel.com/_next/static/immutable/chunks/3k9w7vy-kh02h.js:78
[   11678ms] [WARNING] Deprecated API for given entry type. @ https://vercel.com/_next/static/immutable/chunks/35pxc88f1s1uv.js:18
[   13602ms] [ERROR] Failed to load resource: the server responded with a status of 403 () @ https://vercel.com/api/jwt:0
[   13772ms] [WARNING] [GSI_LOGGER]: Your client application uses one of the Google One Tap prompt UI status methods that may stop functioning when FedCM becomes mandatory. Refer to the migration guide to update your code accordingly and opt-in to FedCM to test your changes. Learn more: https://developers.google.com/identity/gsi/web/guides/fedcm-migration?s=dc#display_moment and https://developers.google.com/identity/gsi/web/guides/fedcm-migration?s=dc#skipped_moment @ https://vercel.com/_next/static/immutable/chunks/35pxc88f1s1uv.js:16
[   13776ms] [ERROR] Not signed in with the identity provider. @ https://vercel.com/login?next=%2Fhubaibullah193-debugs-projects%2Fmuskan-store:0
[   19825ms] [ERROR] [GSI_LOGGER]: FedCM get() rejects with NetworkError: Error retrieving a token. @ https://vercel.com/_next/static/immutable/chunks/0fta20w1d0217.js:8
[   20197ms] [ERROR] Failed to load resource: the server responded with a status of 429 () @ https://o205439.ingest.sentry.io/api/1323670/envelope/?sentry_key=d00780d432ac4ccf882f60dd02062e14&sentry_version=7&sentry_client=sentry.javascript.browser%2F7.111.0:0
[   23771ms] [WARNING] The resource https://vercel.com/_next/static/immutable/chunks/3hq-jgaiz0_s1.css was preloaded using link preload but not used within a few seconds from the window's load event. Please make sure it has an appropriate `as` value and it is preloaded intentionally. @ https://vercel.com/login?next=%2Fhubaibullah193-debugs-projects%2Fmuskan-store:0
[   23771ms] [WARNING] The resource https://vercel.com/_next/static/immutable/chunks/3flhcz7cw314y.css was preloaded using link preload but not used within a few seconds from the window's load event. Please make sure it has an appropriate `as` value and it is preloaded intentionally. @ https://vercel.com/login?next=%2Fhubaibullah193-debugs-projects%2Fmuskan-store:0
